
Running Gradle task 'assembleRelease'...                        
Checking the license for package Android SDK Build-Tools 33.0.1 in /usr/local/lib/android/sdk/licenses
License for package Android SDK Build-Tools 33.0.1 accepted.
Preparing "Install Android SDK Build-Tools 33.0.1 v.33.0.1".
"Install Android SDK Build-Tools 33.0.1 v.33.0.1" ready.
Installing Android SDK Build-Tools 33.0.1 in /usr/local/lib/android/sdk/build-tools/33.0.1
"Install Android SDK Build-Tools 33.0.1 v.33.0.1" complete.
"Install Android SDK Build-Tools 33.0.1 v.33.0.1" finished.
Checking the license for package Android SDK Platform 33 in /usr/local/lib/android/sdk/licenses
License for package Android SDK Platform 33 accepted.
Preparing "Install Android SDK Platform 33 (revision 3)".
"Install Android SDK Platform 33 (revision 3)" ready.
Installing Android SDK Platform 33 in /usr/local/lib/android/sdk/platforms/android-33
"Install Android SDK Platform 33 (revision 3)" complete.
"Install Android SDK Platform 33 (revision 3)" finished.

FAILURE: Build failed with an exception.

* What went wrong:
Could not determine the dependencies of task ':app:packageRelease'.
> Could not create task ':app:l8DexDesugarLibRelease'.
   > coreLibraryDesugaring configuration contains no dependencies. If you intend to enable core library desugaring, please add dependencies to coreLibraryDesugaring configuration.

* Try:
> Run with --stacktrace option to get the stack trace.
> Run with --info or --debug option to get more log output.
> Run with --scan to get full insights.
> Get more help at https://help.gradle.org.

BUILD FAILED in 2m 5s
Running Gradle task 'assembleRelease'...                          126.4s
Gradle task assembleRelease failed with exit code 1
